
=== CAMP caught SIGSEGV (invalid memory reference) on thread 877903 [si_code=1 si_addr=0xfffffff7] — backtrace follows (mangled; pipe through c++filt) ===
/home/field/project11/layers/main/ui_ws/install/camp/lib/libcamp_crash.so(+0x2a75)[0x70779568ea75]
/home/field/project11/layers/main/ui_ws/install/camp/lib/libcamp_crash.so(on_fatal_signal+0x11a)[0x70779568eced]
/lib/x86_64-linux-gnu/libc.so.6(+0x45330)[0x707790a45330]
/lib/x86_64-linux-gnu/libc.so.6(__libc_free+0x25)[0x707790aade55]
/opt/ros/jazzy/lib/librosidl_runtime_c.so(rosidl_runtime_c__String__fini+0x44)[0x7077910ddd34]
/opt/ros/jazzy/lib/libtype_description_interfaces__rosidl_generator_c.so(type_description_interfaces__msg__IndividualTypeDescription__fini+0x1a)[0x70778cfd91fa]
/opt/ros/jazzy/lib/libtype_description_interfaces__rosidl_generator_c.so(type_description_interfaces__msg__TypeDescription__fini+0x1a)[0x70778cfda4da]
/opt/ros/jazzy/lib/libtype_description_interfaces__rosidl_generator_c.so(type_description_interfaces__msg__TypeDescription__destroy+0x35)[0x70778cfda6f5]
/opt/ros/jazzy/lib/librcl.so(rcl_node_type_cache_unregister_type+0x90)[0x707793b46c30]
/opt/ros/jazzy/lib/librcl.so(rcl_subscription_fini+0x2a7)[0x707793b5aec7]
/opt/ros/jazzy/lib/librclcpp.so(+0x1c8124)[0x7077955c8124]
/opt/ros/jazzy/lib/librclcpp.so(+0x1c8445)[0x7077955c8445]
/opt/ros/jazzy/lib/librclcpp.so(+0xfe54a)[0x7077954fe54a]
/opt/ros/jazzy/lib/librclcpp.so(+0x1c9be6)[0x7077955c9be6]
/opt/ros/jazzy/lib/librclcpp.so(+0xfe486)[0x7077954fe486]
/opt/ros/jazzy/lib/librclcpp.so(+0x114de5)[0x707795514de5]
/opt/ros/jazzy/lib/librclcpp.so(_ZN6rclcpp8Executor13wait_for_workENSt6chrono8durationIlSt5ratioILl1ELl1000000000EEEE+0x23d)[0x7077955178dd]
/opt/ros/jazzy/lib/librclcpp.so(_ZN6rclcpp8Executor19get_next_executableERNS_13AnyExecutableENSt6chrono8durationIlSt5ratioILl1ELl1000000000EEEE+0x3b)[0x70779551811b]
/opt/ros/jazzy/lib/librclcpp.so(_ZN6rclcpp9executors21MultiThreadedExecutor3runEm+0x197)[0x7077955404b7]
/lib/x86_64-linux-gnu/libstdc++.so.6(+0xecdb4)[0x707790eecdb4]
/lib/x86_64-linux-gnu/libc.so.6(+0x9cb84)[0x707790a9cb84]
/lib/x86_64-linux-gnu/libc.so.6(+0x129d6c)[0x707790b29d6c]
=== end CAMP backtrace ===
