
=== CAMP caught SIGABRT (abort) on thread 892015 [si_code=-6] — backtrace follows (mangled; pipe through c++filt) ===
/home/field/project11/layers/main/ui_ws/install/camp/lib/libcamp_crash.so(+0x2a75)[0x74b801ac1a75]
/home/field/project11/layers/main/ui_ws/install/camp/lib/libcamp_crash.so(on_fatal_signal+0x11a)[0x74b801ac1ced]
/lib/x86_64-linux-gnu/libc.so.6(+0x45330)[0x74b7fce45330]
/lib/x86_64-linux-gnu/libc.so.6(pthread_kill+0x11c)[0x74b7fce9ec0c]
/lib/x86_64-linux-gnu/libc.so.6(gsignal+0x1e)[0x74b7fce4527e]
/lib/x86_64-linux-gnu/libc.so.6(abort+0xdf)[0x74b7fce288ff]
/lib/x86_64-linux-gnu/libc.so.6(+0x2881b)[0x74b7fce2881b]
/lib/x86_64-linux-gnu/libc.so.6(+0x3b517)[0x74b7fce3b517]
/opt/ros/jazzy/lib/libtype_description_interfaces__rosidl_generator_c.so(+0x7292)[0x74b7f901a292]
/opt/ros/jazzy/lib/libtype_description_interfaces__rosidl_generator_c.so(type_description_interfaces__msg__TypeDescription__fini+0x1a)[0x74b7f901c4da]
/opt/ros/jazzy/lib/libtype_description_interfaces__rosidl_generator_c.so(type_description_interfaces__msg__TypeDescription__destroy+0x35)[0x74b7f901c6f5]
/opt/ros/jazzy/lib/librcl.so(rcl_node_type_cache_unregister_type+0x90)[0x74b7fff23c30]
/opt/ros/jazzy/lib/librcl.so(rcl_subscription_fini+0x2a7)[0x74b7fff37ec7]
/opt/ros/jazzy/lib/librclcpp.so(+0x1c8124)[0x74b8019c8124]
/opt/ros/jazzy/lib/librclcpp.so(+0x1c8445)[0x74b8019c8445]
/opt/ros/jazzy/lib/librclcpp.so(+0xfe54a)[0x74b8018fe54a]
/opt/ros/jazzy/lib/librclcpp.so(+0x1c9be6)[0x74b8019c9be6]
/opt/ros/jazzy/lib/librclcpp.so(+0xfe486)[0x74b8018fe486]
/opt/ros/jazzy/lib/librclcpp.so(+0x114de5)[0x74b801914de5]
/opt/ros/jazzy/lib/librclcpp.so(_ZN6rclcpp8Executor13wait_for_workENSt6chrono8durationIlSt5ratioILl1ELl1000000000EEEE+0x23d)[0x74b8019178dd]
/opt/ros/jazzy/lib/librclcpp.so(_ZN6rclcpp8Executor19get_next_executableERNS_13AnyExecutableENSt6chrono8durationIlSt5ratioILl1ELl1000000000EEEE+0x3b)[0x74b80191811b]
/opt/ros/jazzy/lib/librclcpp.so(_ZN6rclcpp9executors21MultiThreadedExecutor3runEm+0x197)[0x74b8019404b7]
/opt/ros/jazzy/lib/librclcpp.so(_ZN6rclcpp9executors21MultiThreadedExecutor4spinEv+0x244)[0x74b801940814]
/home/field/project11/layers/main/ui_ws/install/camp/lib/camp/CCOMAutonomousMissionPlanner(_ZN8camp_ros10NodeThread5startEv+0x3f8)[0x5d11f76551d4]
/home/field/project11/layers/main/ui_ws/install/camp/lib/camp/CCOMAutonomousMissionPlanner(_ZN9QtPrivate11FunctorCallINS_11IndexesListIJEEENS_4ListIJEEEvMN8camp_ros10NodeThreadEFvvEE4callES8_PS6_PPv+0x7e)[0x5d11f77fb613]
/home/field/project11/layers/main/ui_ws/install/camp/lib/camp/CCOMAutonomousMissionPlanner(_ZN9QtPrivate15FunctionPointerIMN8camp_ros10NodeThreadEFvvEE4callINS_4ListIJEEEvEEvS4_PS2_PPv+0x46)[0x5d11f77fb427]
/home/field/project11/layers/main/ui_ws/install/camp/lib/camp/CCOMAutonomousMissionPlanner(_ZN9QtPrivate11QSlotObjectIMN8camp_ros10NodeThreadEFvvENS_4ListIJEEEvE4implEiPNS_15QSlotObjectBaseEP7QObjectPPvPb+0x84)[0x5d11f77fb0c7]
/lib/x86_64-linux-gnu/libQt5Core.so.5(_ZN7QObject5eventEP6QEvent+0x293)[0x74b7fd906343]
/lib/x86_64-linux-gnu/libQt5Widgets.so.5(_ZN19QApplicationPrivate13notify_helperEP7QObjectP6QEvent+0x85)[0x74b7fe56bd45]
/lib/x86_64-linux-gnu/libQt5Core.so.5(_ZN16QCoreApplication15notifyInternal2EP7QObjectP6QEvent+0x128)[0x74b7fd8d8118]
/lib/x86_64-linux-gnu/libQt5Core.so.5(_ZN23QCoreApplicationPrivate16sendPostedEventsEP7QObjectiP11QThreadData+0x19b)[0x74b7fd8db94b]
/lib/x86_64-linux-gnu/libQt5Core.so.5(+0x335c0f)[0x74b7fd935c0f]
/lib/x86_64-linux-gnu/libglib-2.0.so.0(+0x5d585)[0x74b7f9088585]
/lib/x86_64-linux-gnu/libglib-2.0.so.0(+0xbc977)[0x74b7f90e7977]
/lib/x86_64-linux-gnu/libglib-2.0.so.0(g_main_context_iteration+0x33)[0x74b7f9087a23]
/lib/x86_64-linux-gnu/libQt5Core.so.5(_ZN20QEventDispatcherGlib13processEventsE6QFlagsIN10QEventLoop17ProcessEventsFlagEE+0x69)[0x74b7fd935279]
/lib/x86_64-linux-gnu/libQt5Core.so.5(_ZN10QEventLoop4execE6QFlagsINS_17ProcessEventsFlagEE+0x13b)[0x74b7fd8d6a7b]
/lib/x86_64-linux-gnu/libQt5Core.so.5(_ZN7QThread4execEv+0x6b)[0x74b7fd6da36b]
/lib/x86_64-linux-gnu/libQt5Core.so.5(+0xdb674)[0x74b7fd6db674]
/lib/x86_64-linux-gnu/libc.so.6(+0x9cb84)[0x74b7fce9cb84]
/lib/x86_64-linux-gnu/libc.so.6(+0x129d6c)[0x74b7fcf29d6c]
=== end CAMP backtrace ===
