
=== CAMP caught SIGSEGV (invalid memory reference) on thread 899410 [si_code=1 si_addr=0x5fd3fffffff9] — backtrace follows (mangled; pipe through c++filt) ===
/home/field/project11/layers/main/ui_ws/install/camp/lib/libcamp_crash.so(+0x2a75)[0x7612574d5a75]
/home/field/project11/layers/main/ui_ws/install/camp/lib/libcamp_crash.so(on_fatal_signal+0x11a)[0x7612574d5ced]
/lib/x86_64-linux-gnu/libc.so.6(+0x45330)[0x761252845330]
/lib/x86_64-linux-gnu/libc.so.6(__libc_free+0x25)[0x7612528ade55]
/opt/ros/jazzy/lib/librosidl_runtime_c.so(rosidl_runtime_c__String__fini+0x44)[0x761252f0cd34]
/opt/ros/jazzy/lib/libtype_description_interfaces__rosidl_generator_c.so(type_description_interfaces__msg__IndividualTypeDescription__fini+0x1a)[0x76124edfd1fa]
/opt/ros/jazzy/lib/libtype_description_interfaces__rosidl_generator_c.so(type_description_interfaces__msg__TypeDescription__fini+0x1a)[0x76124edfe4da]
/opt/ros/jazzy/lib/libtype_description_interfaces__rosidl_generator_c.so(type_description_interfaces__msg__TypeDescription__destroy+0x35)[0x76124edfe6f5]
/opt/ros/jazzy/lib/librcl.so(rcl_node_type_cache_unregister_type+0x90)[0x761255946c30]
/opt/ros/jazzy/lib/librcl.so(rcl_subscription_fini+0x2a7)[0x76125595aec7]
/opt/ros/jazzy/lib/librclcpp.so(+0x1c8124)[0x7612573c8124]
/opt/ros/jazzy/lib/librclcpp.so(+0x1c8445)[0x7612573c8445]
/opt/ros/jazzy/lib/librclcpp.so(+0xfe54a)[0x7612572fe54a]
/opt/ros/jazzy/lib/librclcpp.so(_ZN6rclcpp16SubscriptionBaseD2Ev+0x160)[0x7612573c8700]
/home/field/project11/layers/main/ui_ws/install/camp/lib/camp/CCOMAutonomousMissionPlanner(_ZN6rclcpp12SubscriptionIN21marine_nav_interfaces3msg13TaskFeedback_ISaIvEEES4_S5_S5_NS_23message_memory_strategy21MessageMemoryStrategyIS5_S4_EEED1Ev+0x76)[0x5fd18a886e84]
/home/field/project11/layers/main/ui_ws/install/camp/lib/camp/CCOMAutonomousMissionPlanner(_ZSt8_DestroyIN6rclcpp12SubscriptionIN21marine_nav_interfaces3msg13TaskFeedback_ISaIvEEES5_S6_S6_NS0_23message_memory_strategy21MessageMemoryStrategyIS6_S5_EEEEEvPT_+0x23)[0x5fd18a88cb64]
/home/field/project11/layers/main/ui_ws/install/camp/lib/camp/CCOMAutonomousMissionPlanner(_ZNSt23_Sp_counted_ptr_inplaceIN6rclcpp12SubscriptionIN21marine_nav_interfaces3msg13TaskFeedback_ISaIvEEES5_S6_S6_NS0_23message_memory_strategy21MessageMemoryStrategyIS6_S5_EEEES5_LN9__gnu_cxx12_Lock_policyE2EE10_M_disposeEv+0x44)[0x5fd18a8888ee]
/home/field/project11/layers/main/ui_ws/install/camp/lib/camp/CCOMAutonomousMissionPlanner(_ZNSt16_Sp_counted_baseILN9__gnu_cxx12_Lock_policyE2EE19_M_release_last_useEv+0x27)[0x5fd18a568a15]
/home/field/project11/layers/main/ui_ws/install/camp/lib/camp/CCOMAutonomousMissionPlanner(_ZNSt16_Sp_counted_baseILN9__gnu_cxx12_Lock_policyE2EE24_M_release_last_use_coldEv+0x1c)[0x5fd18a563722]
/home/field/project11/layers/main/ui_ws/install/camp/lib/camp/CCOMAutonomousMissionPlanner(_ZNSt16_Sp_counted_baseILN9__gnu_cxx12_Lock_policyE2EE10_M_releaseEv+0x130)[0x5fd18a55c8ba]
/home/field/project11/layers/main/ui_ws/install/camp/lib/camp/CCOMAutonomousMissionPlanner(_ZNSt14__shared_countILN9__gnu_cxx12_Lock_policyE2EED1Ev+0x2b)[0x5fd18a565b15]
/home/field/project11/layers/main/ui_ws/install/camp/lib/camp/CCOMAutonomousMissionPlanner(_ZNSt12__shared_ptrIN6rclcpp12SubscriptionIN21marine_nav_interfaces3msg13TaskFeedback_ISaIvEEES5_S6_S6_NS0_23message_memory_strategy21MessageMemoryStrategyIS6_S5_EEEELN9__gnu_cxx12_Lock_policyE2EED1Ev+0x20)[0x5fd18a864bdc]
/home/field/project11/layers/main/ui_ws/install/camp/lib/camp/CCOMAutonomousMissionPlanner(_ZNSt12__shared_ptrIN6rclcpp12SubscriptionIN21marine_nav_interfaces3msg13TaskFeedback_ISaIvEEES5_S6_S6_NS0_23message_memory_strategy21MessageMemoryStrategyIS6_S5_EEEELN9__gnu_cxx12_Lock_policyE2EE5resetEv+0x4a)[0x5fd18a864fe8]
/home/field/project11/layers/main/ui_ws/install/camp/lib/camp/CCOMAutonomousMissionPlanner(_ZN16RunningTasksView9subscribeEv+0x3d)[0x5fd18a863b67]
/home/field/project11/layers/main/ui_ws/install/camp/lib/camp/CCOMAutonomousMissionPlanner(_ZN16RunningTasksView20updateRobotNamespaceE7QString+0x37)[0x5fd18a863b27]
/home/field/project11/layers/main/ui_ws/install/camp/lib/camp/CCOMAutonomousMissionPlanner(_ZN8Platform6updateERKN17marine_interfaces3msg9Platform_ISaIvEEE+0x221)[0x5fd18a683b89]
/home/field/project11/layers/main/ui_ws/install/camp/lib/camp/CCOMAutonomousMissionPlanner(_ZN15PlatformManager14updatePlatformEN17marine_interfaces3msg9Platform_ISaIvEEE+0x1bd)[0x5fd18a6bf1c9]
/home/field/project11/layers/main/ui_ws/install/camp/lib/camp/CCOMAutonomousMissionPlanner(+0x1440630)[0x5fd18a558630]
/lib/x86_64-linux-gnu/libQt5Core.so.5(_ZN7QObject5eventEP6QEvent+0x293)[0x761253306343]
/lib/x86_64-linux-gnu/libQt5Widgets.so.5(_ZN19QApplicationPrivate13notify_helperEP7QObjectP6QEvent+0x85)[0x761253f6bd45]
/lib/x86_64-linux-gnu/libQt5Core.so.5(_ZN16QCoreApplication15notifyInternal2EP7QObjectP6QEvent+0x128)[0x7612532d8118]
/lib/x86_64-linux-gnu/libQt5Core.so.5(_ZN23QCoreApplicationPrivate16sendPostedEventsEP7QObjectiP11QThreadData+0x19b)[0x7612532db94b]
/lib/x86_64-linux-gnu/libQt5Core.so.5(+0x335c0f)[0x761253335c0f]
/lib/x86_64-linux-gnu/libglib-2.0.so.0(+0x5d585)[0x76124e914585]
/lib/x86_64-linux-gnu/libglib-2.0.so.0(+0xbc977)[0x76124e973977]
/lib/x86_64-linux-gnu/libglib-2.0.so.0(g_main_context_iteration+0x33)[0x76124e913a23]
/lib/x86_64-linux-gnu/libQt5Core.so.5(_ZN20QEventDispatcherGlib13processEventsE6QFlagsIN10QEventLoop17ProcessEventsFlagEE+0x69)[0x761253335279]
/lib/x86_64-linux-gnu/libQt5Core.so.5(_ZN10QEventLoop4execE6QFlagsINS_17ProcessEventsFlagEE+0x13b)[0x7612532d6a7b]
/lib/x86_64-linux-gnu/libQt5Core.so.5(_ZN16QCoreApplication4execEv+0x98)[0x7612532df3e8]
/home/field/project11/layers/main/ui_ws/install/camp/lib/camp/CCOMAutonomousMissionPlanner(main+0x6ca)[0x5fd18a5f1500]
/lib/x86_64-linux-gnu/libc.so.6(+0x2a1ca)[0x76125282a1ca]
/lib/x86_64-linux-gnu/libc.so.6(__libc_start_main+0x8b)[0x76125282a28b]
/home/field/project11/layers/main/ui_ws/install/camp/lib/camp/CCOMAutonomousMissionPlanner(_start+0x25)[0x5fd18a5536a5]
=== end CAMP backtrace ===
