
=== CAMP caught SIGABRT (abort) on thread 931758 [si_code=-6] — backtrace follows (mangled; pipe through c++filt) ===
/home/field/project11/layers/main/ui_ws/install/camp/lib/libcamp_crash.so(+0x2a75)[0x7cdf2aaf1a75]
/home/field/project11/layers/main/ui_ws/install/camp/lib/libcamp_crash.so(on_fatal_signal+0x11a)[0x7cdf2aaf1ced]
/lib/x86_64-linux-gnu/libc.so.6(+0x45330)[0x7cdf25e45330]
/lib/x86_64-linux-gnu/libc.so.6(pthread_kill+0x11c)[0x7cdf25e9ec0c]
/lib/x86_64-linux-gnu/libc.so.6(gsignal+0x1e)[0x7cdf25e4527e]
/lib/x86_64-linux-gnu/libc.so.6(abort+0xdf)[0x7cdf25e288ff]
/lib/x86_64-linux-gnu/libc.so.6(+0x2881b)[0x7cdf25e2881b]
/lib/x86_64-linux-gnu/libc.so.6(+0x3b517)[0x7cdf25e3b517]
/opt/ros/jazzy/lib/libtype_description_interfaces__rosidl_generator_c.so(type_description_interfaces__msg__IndividualTypeDescription__Sequence__fini+0xf3)[0x7cdf2255a643]
/opt/ros/jazzy/lib/libtype_description_interfaces__rosidl_generator_c.so(type_description_interfaces__msg__TypeDescription__destroy+0x35)[0x7cdf2255b6f5]
/opt/ros/jazzy/lib/librcl.so(rcl_node_type_cache_unregister_type+0x90)[0x7cdf2aaa5c30]
/opt/ros/jazzy/lib/librcl.so(rcl_subscription_fini+0x2a7)[0x7cdf2aab9ec7]
/opt/ros/jazzy/lib/librclcpp.so(+0x1c8124)[0x7cdf2a9c8124]
/opt/ros/jazzy/lib/librclcpp.so(+0x1c8445)[0x7cdf2a9c8445]
/opt/ros/jazzy/lib/librclcpp.so(+0xfe54a)[0x7cdf2a8fe54a]
/opt/ros/jazzy/lib/librclcpp.so(_ZN6rclcpp16SubscriptionBaseD2Ev+0x160)[0x7cdf2a9c8700]
/home/field/project11/layers/main/ui_ws/install/camp/lib/camp/CCOMAutonomousMissionPlanner(_ZN6rclcpp12SubscriptionIN21marine_nav_interfaces3msg13TaskFeedback_ISaIvEEES4_S5_S5_NS_23message_memory_strategy21MessageMemoryStrategyIS5_S4_EEED1Ev+0x76)[0x58c6ac7d1e84]
/home/field/project11/layers/main/ui_ws/install/camp/lib/camp/CCOMAutonomousMissionPlanner(_ZSt8_DestroyIN6rclcpp12SubscriptionIN21marine_nav_interfaces3msg13TaskFeedback_ISaIvEEES5_S6_S6_NS0_23message_memory_strategy21MessageMemoryStrategyIS6_S5_EEEEEvPT_+0x23)[0x58c6ac7d7b64]
/home/field/project11/layers/main/ui_ws/install/camp/lib/camp/CCOMAutonomousMissionPlanner(_ZNSt23_Sp_counted_ptr_inplaceIN6rclcpp12SubscriptionIN21marine_nav_interfaces3msg13TaskFeedback_ISaIvEEES5_S6_S6_NS0_23message_memory_strategy21MessageMemoryStrategyIS6_S5_EEEES5_LN9__gnu_cxx12_Lock_policyE2EE10_M_disposeEv+0x44)[0x58c6ac7d38ee]
/home/field/project11/layers/main/ui_ws/install/camp/lib/camp/CCOMAutonomousMissionPlanner(_ZNSt16_Sp_counted_baseILN9__gnu_cxx12_Lock_policyE2EE19_M_release_last_useEv+0x27)[0x58c6ac4b3a15]
/home/field/project11/layers/main/ui_ws/install/camp/lib/camp/CCOMAutonomousMissionPlanner(_ZNSt16_Sp_counted_baseILN9__gnu_cxx12_Lock_policyE2EE24_M_release_last_use_coldEv+0x1c)[0x58c6ac4ae722]
/home/field/project11/layers/main/ui_ws/install/camp/lib/camp/CCOMAutonomousMissionPlanner(_ZNSt16_Sp_counted_baseILN9__gnu_cxx12_Lock_policyE2EE10_M_releaseEv+0x130)[0x58c6ac4a78ba]
/home/field/project11/layers/main/ui_ws/install/camp/lib/camp/CCOMAutonomousMissionPlanner(_ZNSt14__shared_countILN9__gnu_cxx12_Lock_policyE2EED1Ev+0x2b)[0x58c6ac4b0b15]
/home/field/project11/layers/main/ui_ws/install/camp/lib/camp/CCOMAutonomousMissionPlanner(_ZNSt12__shared_ptrIN6rclcpp12SubscriptionIN21marine_nav_interfaces3msg13TaskFeedback_ISaIvEEES5_S6_S6_NS0_23message_memory_strategy21MessageMemoryStrategyIS6_S5_EEEELN9__gnu_cxx12_Lock_policyE2EED1Ev+0x20)[0x58c6ac7afbdc]
/home/field/project11/layers/main/ui_ws/install/camp/lib/camp/CCOMAutonomousMissionPlanner(_ZNSt12__shared_ptrIN6rclcpp12SubscriptionIN21marine_nav_interfaces3msg13TaskFeedback_ISaIvEEES5_S6_S6_NS0_23message_memory_strategy21MessageMemoryStrategyIS6_S5_EEEELN9__gnu_cxx12_Lock_policyE2EE5resetEv+0x4a)[0x58c6ac7affe8]
/home/field/project11/layers/main/ui_ws/install/camp/lib/camp/CCOMAutonomousMissionPlanner(_ZN16RunningTasksView9subscribeEv+0x3d)[0x58c6ac7aeb67]
/home/field/project11/layers/main/ui_ws/install/camp/lib/camp/CCOMAutonomousMissionPlanner(_ZN16RunningTasksView20updateRobotNamespaceE7QString+0x37)[0x58c6ac7aeb27]
/home/field/project11/layers/main/ui_ws/install/camp/lib/camp/CCOMAutonomousMissionPlanner(_ZN8Platform6updateERKN17marine_interfaces3msg9Platform_ISaIvEEE+0x221)[0x58c6ac5ceb89]
/home/field/project11/layers/main/ui_ws/install/camp/lib/camp/CCOMAutonomousMissionPlanner(_ZN15PlatformManager14updatePlatformEN17marine_interfaces3msg9Platform_ISaIvEEE+0x1bd)[0x58c6ac60a1c9]
/home/field/project11/layers/main/ui_ws/install/camp/lib/camp/CCOMAutonomousMissionPlanner(+0x1440630)[0x58c6ac4a3630]
/lib/x86_64-linux-gnu/libQt5Core.so.5(_ZN7QObject5eventEP6QEvent+0x293)[0x7cdf26906343]
/lib/x86_64-linux-gnu/libQt5Widgets.so.5(_ZN19QApplicationPrivate13notify_helperEP7QObjectP6QEvent+0x85)[0x7cdf2756bd45]
/lib/x86_64-linux-gnu/libQt5Core.so.5(_ZN16QCoreApplication15notifyInternal2EP7QObjectP6QEvent+0x128)[0x7cdf268d8118]
/lib/x86_64-linux-gnu/libQt5Core.so.5(_ZN23QCoreApplicationPrivate16sendPostedEventsEP7QObjectiP11QThreadData+0x19b)[0x7cdf268db94b]
/lib/x86_64-linux-gnu/libQt5Core.so.5(+0x335c0f)[0x7cdf26935c0f]
/lib/x86_64-linux-gnu/libglib-2.0.so.0(+0x5d585)[0x7cdf22088585]
/lib/x86_64-linux-gnu/libglib-2.0.so.0(+0xbc977)[0x7cdf220e7977]
/lib/x86_64-linux-gnu/libglib-2.0.so.0(g_main_context_iteration+0x33)[0x7cdf22087a23]
/lib/x86_64-linux-gnu/libQt5Core.so.5(_ZN20QEventDispatcherGlib13processEventsE6QFlagsIN10QEventLoop17ProcessEventsFlagEE+0x69)[0x7cdf26935279]
/lib/x86_64-linux-gnu/libQt5Core.so.5(_ZN10QEventLoop4execE6QFlagsINS_17ProcessEventsFlagEE+0x13b)[0x7cdf268d6a7b]
/lib/x86_64-linux-gnu/libQt5Core.so.5(_ZN16QCoreApplication4execEv+0x98)[0x7cdf268df3e8]
/home/field/project11/layers/main/ui_ws/install/camp/lib/camp/CCOMAutonomousMissionPlanner(main+0x6ca)[0x58c6ac53c500]
/lib/x86_64-linux-gnu/libc.so.6(+0x2a1ca)[0x7cdf25e2a1ca]
/lib/x86_64-linux-gnu/libc.so.6(__libc_start_main+0x8b)[0x7cdf25e2a28b]
/home/field/project11/layers/main/ui_ws/install/camp/lib/camp/CCOMAutonomousMissionPlanner(_start+0x25)[0x58c6ac49e6a5]
=== end CAMP backtrace ===
